[0.202s] DEBUG:colcon:Command line arguments: ['/usr/bin/colcon', 'build']
[0.203s] DEBUG:colcon:Parsed command line arguments: Namespace(log_base=None, log_level=None, verb_name='build', build_base='build', install_base='install', merge_install=False, symlink_install=False, test_result_base=None, continue_on_error=False, executor='parallel', parallel_workers=8, event_handlers=None, ignore_user_meta=False, metas=['./colcon.meta'], base_paths=['.'], packages_ignore=None, packages_ignore_regex=None, paths=None, packages_up_to=None, packages_up_to_regex=None, packages_above=None, packages_above_and_dependencies=None, packages_above_depth=None, packages_select_by_dep=None, packages_skip_by_dep=None, packages_skip_up_to=None, packages_select_build_failed=False, packages_skip_build_finished=False, packages_select_test_failures=False, packages_skip_test_passed=False, packages_select=None, packages_skip=None, packages_select_regex=None, packages_skip_regex=None, packages_start=None, packages_end=None, allow_overriding=[], cmake_args=None, cmake_target=None, cmake_target_skip_unavailable=False, cmake_clean_cache=False, cmake_clean_first=False, cmake_force_configure=False, ament_cmake_args=None, catkin_cmake_args=None, catkin_skip_building_tests=False, verb_parser=<colcon_defaults.argument_parser.defaults.DefaultArgumentsDecorator object at 0x7427ef92f6a0>, verb_extension=<colcon_core.verb.build.BuildVerb object at 0x7427efadcd00>, main=<bound method BuildVerb.main of <colcon_core.verb.build.BuildVerb object at 0x7427efadcd00>>)
[0.519s] Level 1:colcon.colcon_core.package_discovery:discover_packages(colcon_meta) check parameters
[0.519s] Level 1:colcon.colcon_core.package_discovery:discover_packages(recursive) check parameters
[0.519s] Level 1:colcon.colcon_core.package_discovery:discover_packages(ignore) check parameters
[0.519s] Level 1:colcon.colcon_core.package_discovery:discover_packages(path) check parameters
[0.519s] Level 1:colcon.colcon_core.package_discovery:discover_packages(colcon_meta) discover
[0.519s] Level 1:colcon.colcon_core.package_discovery:discover_packages(recursive) discover
[0.519s] INFO:colcon.colcon_core.package_discovery:Crawling recursively for packages in '/home/chaewan/다운로드/ieve_git/path_ws'
[0.520s] Level 1:colcon.colcon_core.package_identification:_identify(.) by extensions ['ignore', 'ignore_ament_install']
[0.520s] Level 1:colcon.colcon_core.package_identification:_identify(.) by extension 'ignore'
[0.520s] Level 1:colcon.colcon_core.package_identification:_identify(.) by extension 'ignore_ament_install'
[0.520s] Level 1:colcon.colcon_core.package_identification:_identify(.) by extensions ['colcon_pkg']
[0.520s] Level 1:colcon.colcon_core.package_identification:_identify(.) by extension 'colcon_pkg'
[0.520s] Level 1:colcon.colcon_core.package_identification:_identify(.) by extensions ['colcon_meta']
[0.520s] Level 1:colcon.colcon_core.package_identification:_identify(.) by extension 'colcon_meta'
[0.520s] Level 1:colcon.colcon_core.package_identification:_identify(.) by extensions ['ros']
[0.520s] Level 1:colcon.colcon_core.package_identification:_identify(.) by extension 'ros'
[0.542s] Level 1:colcon.colcon_core.package_identification:_identify(.) by extensions ['cmake', 'python']
[0.542s] Level 1:colcon.colcon_core.package_identification:_identify(.) by extension 'cmake'
[0.542s] Level 1:colcon.colcon_core.package_identification:_identify(.) by extension 'python'
[0.543s] Level 1:colcon.colcon_core.package_identification:_identify(.) by extensions ['python_setup_py']
[0.543s] Level 1:colcon.colcon_core.package_identification:_identify(.) by extension 'python_setup_py'
[0.543s] Level 1:colcon.colcon_core.package_identification:_identify(build) by extensions ['ignore', 'ignore_ament_install']
[0.543s] Level 1:colcon.colcon_core.package_identification:_identify(build) by extension 'ignore'
[0.543s] Level 1:colcon.colcon_core.package_identification:_identify(build) ignored
[0.543s] Level 1:colcon.colcon_core.package_identification:_identify(install) by extensions ['ignore', 'ignore_ament_install']
[0.544s] Level 1:colcon.colcon_core.package_identification:_identify(install) by extension 'ignore'
[0.544s] Level 1:colcon.colcon_core.package_identification:_identify(install) ignored
[0.544s] Level 1:colcon.colcon_core.package_identification:_identify(log) by extensions ['ignore', 'ignore_ament_install']
[0.544s] Level 1:colcon.colcon_core.package_identification:_identify(log) by extension 'ignore'
[0.544s] Level 1:colcon.colcon_core.package_identification:_identify(log) ignored
[0.544s] Level 1:colcon.colcon_core.package_identification:_identify(waypoint_parser) by extensions ['ignore', 'ignore_ament_install']
[0.544s] Level 1:colcon.colcon_core.package_identification:_identify(waypoint_parser) by extension 'ignore'
[0.545s] Level 1:colcon.colcon_core.package_identification:_identify(waypoint_parser) by extension 'ignore_ament_install'
[0.545s] Level 1:colcon.colcon_core.package_identification:_identify(waypoint_parser) by extensions ['colcon_pkg']
[0.545s] Level 1:colcon.colcon_core.package_identification:_identify(waypoint_parser) by extension 'colcon_pkg'
[0.545s] Level 1:colcon.colcon_core.package_identification:_identify(waypoint_parser) by extensions ['colcon_meta']
[0.545s] Level 1:colcon.colcon_core.package_identification:_identify(waypoint_parser) by extension 'colcon_meta'
[0.545s] Level 1:colcon.colcon_core.package_identification:_identify(waypoint_parser) by extensions ['ros']
[0.545s] Level 1:colcon.colcon_core.package_identification:_identify(waypoint_parser) by extension 'ros'
[0.550s] DEBUG:colcon.colcon_core.package_identification:Package 'waypoint_parser' with type 'ros.ament_python' and name 'waypoint_parser'
[0.550s] Level 1:colcon.colcon_core.package_discovery:discover_packages(recursive) using defaults
[0.550s] Level 1:colcon.colcon_core.package_discovery:discover_packages(ignore) discover
[0.550s] Level 1:colcon.colcon_core.package_discovery:discover_packages(ignore) using defaults
[0.550s] Level 1:colcon.colcon_core.package_discovery:discover_packages(path) discover
[0.550s] Level 1:colcon.colcon_core.package_discovery:discover_packages(path) using defaults
[0.588s] Level 1:colcon.colcon_core.package_discovery:discover_packages(prefix_path) check parameters
[0.588s] Level 1:colcon.colcon_core.package_discovery:discover_packages(prefix_path) discover
[0.591s] DEBUG:colcon.colcon_installed_package_information.package_discovery:Found 0 installed packages in /home/chaewan/다운로드/ieve_git/path_ws/install
[0.593s] DEBUG:colcon.colcon_installed_package_information.package_discovery:Found 300 installed packages in /opt/ros/humble
[0.612s] Level 1:colcon.colcon_core.package_discovery:discover_packages(prefix_path) using defaults
[0.691s] Level 5:colcon.colcon_core.verb:set package 'waypoint_parser' build argument 'cmake_args' from command line to 'None'
[0.691s] Level 5:colcon.colcon_core.verb:set package 'waypoint_parser' build argument 'cmake_target' from command line to 'None'
[0.691s] Level 5:colcon.colcon_core.verb:set package 'waypoint_parser' build argument 'cmake_target_skip_unavailable' from command line to 'False'
[0.691s] Level 5:colcon.colcon_core.verb:set package 'waypoint_parser' build argument 'cmake_clean_cache' from command line to 'False'
[0.691s] Level 5:colcon.colcon_core.verb:set package 'waypoint_parser' build argument 'cmake_clean_first' from command line to 'False'
[0.691s] Level 5:colcon.colcon_core.verb:set package 'waypoint_parser' build argument 'cmake_force_configure' from command line to 'False'
[0.691s] Level 5:colcon.colcon_core.verb:set package 'waypoint_parser' build argument 'ament_cmake_args' from command line to 'None'
[0.691s] Level 5:colcon.colcon_core.verb:set package 'waypoint_parser' build argument 'catkin_cmake_args' from command line to 'None'
[0.691s] Level 5:colcon.colcon_core.verb:set package 'waypoint_parser' build argument 'catkin_skip_building_tests' from command line to 'False'
[0.691s] DEBUG:colcon.colcon_core.verb:Building package 'waypoint_parser' with the following arguments: {'ament_cmake_args': None, 'build_base': '/home/chaewan/다운로드/ieve_git/path_ws/build/waypoint_parser', 'catkin_cmake_args': None, 'catkin_skip_building_tests': False, 'cmake_args': None, 'cmake_clean_cache': False, 'cmake_clean_first': False, 'cmake_force_configure': False, 'cmake_target': None, 'cmake_target_skip_unavailable': False, 'install_base': '/home/chaewan/다운로드/ieve_git/path_ws/install/waypoint_parser', 'merge_install': False, 'path': '/home/chaewan/다운로드/ieve_git/path_ws/waypoint_parser', 'symlink_install': False, 'test_result_base': None}
[0.692s] INFO:colcon.colcon_core.executor:Executing jobs using 'parallel' executor
[0.693s] DEBUG:colcon.colcon_parallel_executor.executor.parallel:run_until_complete
[0.694s] INFO:colcon.colcon_ros.task.ament_python.build:Building ROS package in '/home/chaewan/다운로드/ieve_git/path_ws/waypoint_parser' with build type 'ament_python'
[0.694s] Level 1:colcon.colcon_core.shell:create_environment_hook('waypoint_parser', 'ament_prefix_path')
[0.698s] INFO:colcon.colcon_core.plugin_system:Skipping extension 'colcon_core.shell.bat': Not used on non-Windows systems
[0.698s] INFO:colcon.colcon_core.shell:Creating environment hook '/home/chaewan/다운로드/ieve_git/path_ws/install/waypoint_parser/share/waypoint_parser/hook/ament_prefix_path.ps1'
[0.699s] INFO:colcon.colcon_core.shell:Creating environment descriptor '/home/chaewan/다운로드/ieve_git/path_ws/install/waypoint_parser/share/waypoint_parser/hook/ament_prefix_path.dsv'
[0.700s] INFO:colcon.colcon_core.shell:Creating environment hook '/home/chaewan/다운로드/ieve_git/path_ws/install/waypoint_parser/share/waypoint_parser/hook/ament_prefix_path.sh'
[0.702s] INFO:colcon.colcon_core.shell:Skip shell extension 'powershell' for command environment: Not usable outside of PowerShell
[0.702s] DEBUG:colcon.colcon_core.shell:Skip shell extension 'dsv' for command environment
[1.192s] INFO:colcon.colcon_core.task.python.build:Building Python package in '/home/chaewan/다운로드/ieve_git/path_ws/waypoint_parser'
[1.193s] INFO:colcon.colcon_core.shell:Skip shell extension 'powershell' for command environment: Not usable outside of PowerShell
[1.193s] DEBUG:colcon.colcon_core.shell:Skip shell extension 'dsv' for command environment
[1.825s] DEBUG:colcon.colcon_core.event_handler.log_command:Invoking command in '/home/chaewan/다운로드/ieve_git/path_ws/waypoint_parser': PYTHONPATH=/home/chaewan/다운로드/ieve_git/path_ws/build/waypoint_parser/prefix_override:/usr/lib/python3/dist-packages/colcon_core/task/python/colcon_distutils_commands:/home/chaewan/다운로드/ieve_git/path_ws/install/waypoint_parser/lib/python3.10/site-packages:${PYTHONPATH} /usr/bin/python3 -W ignore:setup.py install is deprecated -W ignore:easy_install command is deprecated setup.py egg_info --egg-base ../build/waypoint_parser build --build-base /home/chaewan/다운로드/ieve_git/path_ws/build/waypoint_parser/build install --record /home/chaewan/다운로드/ieve_git/path_ws/build/waypoint_parser/install.log --single-version-externally-managed install_data
[2.382s] DEBUG:colcon.colcon_core.event_handler.log_command:Invoked command in '/home/chaewan/다운로드/ieve_git/path_ws/waypoint_parser' returned '0': PYTHONPATH=/home/chaewan/다운로드/ieve_git/path_ws/build/waypoint_parser/prefix_override:/usr/lib/python3/dist-packages/colcon_core/task/python/colcon_distutils_commands:/home/chaewan/다운로드/ieve_git/path_ws/install/waypoint_parser/lib/python3.10/site-packages:${PYTHONPATH} /usr/bin/python3 -W ignore:setup.py install is deprecated -W ignore:easy_install command is deprecated setup.py egg_info --egg-base ../build/waypoint_parser build --build-base /home/chaewan/다운로드/ieve_git/path_ws/build/waypoint_parser/build install --record /home/chaewan/다운로드/ieve_git/path_ws/build/waypoint_parser/install.log --single-version-externally-managed install_data
[2.386s] Level 1:colcon.colcon_core.environment:checking '/home/chaewan/다운로드/ieve_git/path_ws/install/waypoint_parser' for CMake module files
[2.387s] Level 1:colcon.colcon_core.environment:checking '/home/chaewan/다운로드/ieve_git/path_ws/install/waypoint_parser' for CMake config files
[2.388s] Level 1:colcon.colcon_core.environment:checking '/home/chaewan/다운로드/ieve_git/path_ws/install/waypoint_parser/lib'
[2.388s] Level 1:colcon.colcon_core.environment:checking '/home/chaewan/다운로드/ieve_git/path_ws/install/waypoint_parser/bin'
[2.389s] Level 1:colcon.colcon_core.environment:checking '/home/chaewan/다운로드/ieve_git/path_ws/install/waypoint_parser/lib/pkgconfig/waypoint_parser.pc'
[2.389s] Level 1:colcon.colcon_core.environment:checking '/home/chaewan/다운로드/ieve_git/path_ws/install/waypoint_parser/lib/python3.10/site-packages'
[2.389s] Level 1:colcon.colcon_core.shell:create_environment_hook('waypoint_parser', 'pythonpath')
[2.390s] INFO:colcon.colcon_core.shell:Creating environment hook '/home/chaewan/다운로드/ieve_git/path_ws/install/waypoint_parser/share/waypoint_parser/hook/pythonpath.ps1'
[2.390s] INFO:colcon.colcon_core.shell:Creating environment descriptor '/home/chaewan/다운로드/ieve_git/path_ws/install/waypoint_parser/share/waypoint_parser/hook/pythonpath.dsv'
[2.391s] INFO:colcon.colcon_core.shell:Creating environment hook '/home/chaewan/다운로드/ieve_git/path_ws/install/waypoint_parser/share/waypoint_parser/hook/pythonpath.sh'
[2.392s] Level 1:colcon.colcon_core.environment:checking '/home/chaewan/다운로드/ieve_git/path_ws/install/waypoint_parser/bin'
[2.392s] Level 1:colcon.colcon_core.environment:create_environment_scripts_only(waypoint_parser)
[2.393s] INFO:colcon.colcon_core.shell:Creating package script '/home/chaewan/다운로드/ieve_git/path_ws/install/waypoint_parser/share/waypoint_parser/package.ps1'
[2.395s] INFO:colcon.colcon_core.shell:Creating package descriptor '/home/chaewan/다운로드/ieve_git/path_ws/install/waypoint_parser/share/waypoint_parser/package.dsv'
[2.396s] INFO:colcon.colcon_core.shell:Creating package script '/home/chaewan/다운로드/ieve_git/path_ws/install/waypoint_parser/share/waypoint_parser/package.sh'
[2.397s] INFO:colcon.colcon_core.shell:Creating package script '/home/chaewan/다운로드/ieve_git/path_ws/install/waypoint_parser/share/waypoint_parser/package.bash'
[2.398s] INFO:colcon.colcon_core.shell:Creating package script '/home/chaewan/다운로드/ieve_git/path_ws/install/waypoint_parser/share/waypoint_parser/package.zsh'
[2.400s] Level 1:colcon.colcon_core.environment:create_file_with_runtime_dependencies(/home/chaewan/다운로드/ieve_git/path_ws/install/waypoint_parser/share/colcon-core/packages/waypoint_parser)
[2.401s] DEBUG:colcon.colcon_parallel_executor.executor.parallel:closing loop
[2.401s] DEBUG:colcon.colcon_parallel_executor.executor.parallel:loop closed
[2.402s] DEBUG:colcon.colcon_parallel_executor.executor.parallel:run_until_complete finished with '0'
[2.402s] DEBUG:colcon.colcon_core.event_reactor:joining thread
[2.410s] INFO:colcon.colcon_core.plugin_system:Skipping extension 'colcon_notification.desktop_notification.terminal_notifier': Not used on non-Darwin systems
[2.410s] INFO:colcon.colcon_core.plugin_system:Skipping extension 'colcon_notification.desktop_notification.win32': Not used on non-Windows systems
[2.410s] INFO:colcon.colcon_notification.desktop_notification:Sending desktop notification using 'notify2'
[2.432s] DEBUG:colcon.colcon_core.event_reactor:joined thread
[2.433s] INFO:colcon.colcon_core.shell:Creating prefix script '/home/chaewan/다운로드/ieve_git/path_ws/install/local_setup.ps1'
[2.435s] INFO:colcon.colcon_core.shell:Creating prefix util module '/home/chaewan/다운로드/ieve_git/path_ws/install/_local_setup_util_ps1.py'
[2.439s] INFO:colcon.colcon_core.shell:Creating prefix chain script '/home/chaewan/다운로드/ieve_git/path_ws/install/setup.ps1'
[2.441s] INFO:colcon.colcon_core.shell:Creating prefix script '/home/chaewan/다운로드/ieve_git/path_ws/install/local_setup.sh'
[2.442s] INFO:colcon.colcon_core.shell:Creating prefix util module '/home/chaewan/다운로드/ieve_git/path_ws/install/_local_setup_util_sh.py'
[2.443s] INFO:colcon.colcon_core.shell:Creating prefix chain script '/home/chaewan/다운로드/ieve_git/path_ws/install/setup.sh'
[2.445s] INFO:colcon.colcon_core.shell:Creating prefix script '/home/chaewan/다운로드/ieve_git/path_ws/install/local_setup.bash'
[2.446s] INFO:colcon.colcon_core.shell:Creating prefix chain script '/home/chaewan/다운로드/ieve_git/path_ws/install/setup.bash'
[2.449s] INFO:colcon.colcon_core.shell:Creating prefix script '/home/chaewan/다운로드/ieve_git/path_ws/install/local_setup.zsh'
[2.450s] INFO:colcon.colcon_core.shell:Creating prefix chain script '/home/chaewan/다운로드/ieve_git/path_ws/install/setup.zsh'
