[0.242s] DEBUG:colcon:Command line arguments: ['/usr/bin/colcon', 'build', '--symlink-install']
[0.242s] DEBUG:colcon:Parsed command line arguments: Namespace(log_base=None, log_level=None, verb_name='build', build_base='build', install_base='install', merge_install=False, symlink_install=True, test_result_base=None, continue_on_error=False, executor='parallel', parallel_workers=8, event_handlers=None, ignore_user_meta=False, metas=['./colcon.meta'], base_paths=['.'], packages_ignore=None, packages_ignore_regex=None, paths=None, packages_up_to=None, packages_up_to_regex=None, packages_above=None, packages_above_and_dependencies=None, packages_above_depth=None, packages_select_by_dep=None, packages_skip_by_dep=None, packages_skip_up_to=None, packages_select_build_failed=False, packages_skip_build_finished=False, packages_select_test_failures=False, packages_skip_test_passed=False, packages_select=None, packages_skip=None, packages_select_regex=None, packages_skip_regex=None, packages_start=None, packages_end=None, allow_overriding=[], cmake_args=None, cmake_target=None, cmake_target_skip_unavailable=False, cmake_clean_cache=False, cmake_clean_first=False, cmake_force_configure=False, ament_cmake_args=None, catkin_cmake_args=None, catkin_skip_building_tests=False, verb_parser=<colcon_defaults.argument_parser.defaults.DefaultArgumentsDecorator object at 0x77d18d5bf3a0>, verb_extension=<colcon_core.verb.build.BuildVerb object at 0x77d18d7c8130>, main=<bound method BuildVerb.main of <colcon_core.verb.build.BuildVerb object at 0x77d18d7c8130>>)
[0.588s] Level 1:colcon.colcon_core.package_discovery:discover_packages(colcon_meta) check parameters
[0.589s] Level 1:colcon.colcon_core.package_discovery:discover_packages(recursive) check parameters
[0.589s] Level 1:colcon.colcon_core.package_discovery:discover_packages(ignore) check parameters
[0.589s] Level 1:colcon.colcon_core.package_discovery:discover_packages(path) check parameters
[0.589s] Level 1:colcon.colcon_core.package_discovery:discover_packages(colcon_meta) discover
[0.589s] Level 1:colcon.colcon_core.package_discovery:discover_packages(recursive) discover
[0.589s] INFO:colcon.colcon_core.package_discovery:Crawling recursively for packages in '/home/chaewan/다운로드/ieve_git/path_ws'
[0.589s] Level 1:colcon.colcon_core.package_identification:_identify(.) by extensions ['ignore', 'ignore_ament_install']
[0.589s] Level 1:colcon.colcon_core.package_identification:_identify(.) by extension 'ignore'
[0.589s] Level 1:colcon.colcon_core.package_identification:_identify(.) by extension 'ignore_ament_install'
[0.590s] Level 1:colcon.colcon_core.package_identification:_identify(.) by extensions ['colcon_pkg']
[0.590s] Level 1:colcon.colcon_core.package_identification:_identify(.) by extension 'colcon_pkg'
[0.590s] Level 1:colcon.colcon_core.package_identification:_identify(.) by extensions ['colcon_meta']
[0.590s] Level 1:colcon.colcon_core.package_identification:_identify(.) by extension 'colcon_meta'
[0.590s] Level 1:colcon.colcon_core.package_identification:_identify(.) by extensions ['ros']
[0.590s] Level 1:colcon.colcon_core.package_identification:_identify(.) by extension 'ros'
[0.612s] Level 1:colcon.colcon_core.package_identification:_identify(.) by extensions ['cmake', 'python']
[0.612s] Level 1:colcon.colcon_core.package_identification:_identify(.) by extension 'cmake'
[0.612s] Level 1:colcon.colcon_core.package_identification:_identify(.) by extension 'python'
[0.612s] Level 1:colcon.colcon_core.package_identification:_identify(.) by extensions ['python_setup_py']
[0.613s] Level 1:colcon.colcon_core.package_identification:_identify(.) by extension 'python_setup_py'
[0.613s] Level 1:colcon.colcon_core.package_identification:_identify(build) by extensions ['ignore', 'ignore_ament_install']
[0.613s] Level 1:colcon.colcon_core.package_identification:_identify(build) by extension 'ignore'
[0.613s] Level 1:colcon.colcon_core.package_identification:_identify(build) ignored
[0.613s] Level 1:colcon.colcon_core.package_identification:_identify(install) by extensions ['ignore', 'ignore_ament_install']
[0.613s] Level 1:colcon.colcon_core.package_identification:_identify(install) by extension 'ignore'
[0.614s] Level 1:colcon.colcon_core.package_identification:_identify(install) ignored
[0.614s] Level 1:colcon.colcon_core.package_identification:_identify(log) by extensions ['ignore', 'ignore_ament_install']
[0.614s] Level 1:colcon.colcon_core.package_identification:_identify(log) by extension 'ignore'
[0.614s] Level 1:colcon.colcon_core.package_identification:_identify(log) ignored
[0.614s] Level 1:colcon.colcon_core.package_identification:_identify(waypoint_parser) by extensions ['ignore', 'ignore_ament_install']
[0.614s] Level 1:colcon.colcon_core.package_identification:_identify(waypoint_parser) by extension 'ignore'
[0.614s] Level 1:colcon.colcon_core.package_identification:_identify(waypoint_parser) by extension 'ignore_ament_install'
[0.615s] Level 1:colcon.colcon_core.package_identification:_identify(waypoint_parser) by extensions ['colcon_pkg']
[0.615s] Level 1:colcon.colcon_core.package_identification:_identify(waypoint_parser) by extension 'colcon_pkg'
[0.615s] Level 1:colcon.colcon_core.package_identification:_identify(waypoint_parser) by extensions ['colcon_meta']
[0.615s] Level 1:colcon.colcon_core.package_identification:_identify(waypoint_parser) by extension 'colcon_meta'
[0.615s] Level 1:colcon.colcon_core.package_identification:_identify(waypoint_parser) by extensions ['ros']
[0.615s] Level 1:colcon.colcon_core.package_identification:_identify(waypoint_parser) by extension 'ros'
[0.620s] DEBUG:colcon.colcon_core.package_identification:Package 'waypoint_parser' with type 'ros.ament_python' and name 'waypoint_parser'
[0.620s] Level 1:colcon.colcon_core.package_discovery:discover_packages(recursive) using defaults
[0.620s] Level 1:colcon.colcon_core.package_discovery:discover_packages(ignore) discover
[0.620s] Level 1:colcon.colcon_core.package_discovery:discover_packages(ignore) using defaults
[0.620s] Level 1:colcon.colcon_core.package_discovery:discover_packages(path) discover
[0.620s] Level 1:colcon.colcon_core.package_discovery:discover_packages(path) using defaults
[0.657s] Level 1:colcon.colcon_core.package_discovery:discover_packages(prefix_path) check parameters
[0.658s] Level 1:colcon.colcon_core.package_discovery:discover_packages(prefix_path) discover
[0.662s] DEBUG:colcon.colcon_installed_package_information.package_discovery:Found 300 installed packages in /opt/ros/humble
[0.682s] Level 1:colcon.colcon_core.package_discovery:discover_packages(prefix_path) using defaults
[0.766s] Level 5:colcon.colcon_core.verb:set package 'waypoint_parser' build argument 'cmake_args' from command line to 'None'
[0.766s] Level 5:colcon.colcon_core.verb:set package 'waypoint_parser' build argument 'cmake_target' from command line to 'None'
[0.766s] Level 5:colcon.colcon_core.verb:set package 'waypoint_parser' build argument 'cmake_target_skip_unavailable' from command line to 'False'
[0.766s] Level 5:colcon.colcon_core.verb:set package 'waypoint_parser' build argument 'cmake_clean_cache' from command line to 'False'
[0.766s] Level 5:colcon.colcon_core.verb:set package 'waypoint_parser' build argument 'cmake_clean_first' from command line to 'False'
[0.766s] Level 5:colcon.colcon_core.verb:set package 'waypoint_parser' build argument 'cmake_force_configure' from command line to 'False'
[0.766s] Level 5:colcon.colcon_core.verb:set package 'waypoint_parser' build argument 'ament_cmake_args' from command line to 'None'
[0.766s] Level 5:colcon.colcon_core.verb:set package 'waypoint_parser' build argument 'catkin_cmake_args' from command line to 'None'
[0.766s] Level 5:colcon.colcon_core.verb:set package 'waypoint_parser' build argument 'catkin_skip_building_tests' from command line to 'False'
[0.766s] DEBUG:colcon.colcon_core.verb:Building package 'waypoint_parser' with the following arguments: {'ament_cmake_args': None, 'build_base': '/home/chaewan/다운로드/ieve_git/path_ws/build/waypoint_parser', 'catkin_cmake_args': None, 'catkin_skip_building_tests': False, 'cmake_args': None, 'cmake_clean_cache': False, 'cmake_clean_first': False, 'cmake_force_configure': False, 'cmake_target': None, 'cmake_target_skip_unavailable': False, 'install_base': '/home/chaewan/다운로드/ieve_git/path_ws/install/waypoint_parser', 'merge_install': False, 'path': '/home/chaewan/다운로드/ieve_git/path_ws/waypoint_parser', 'symlink_install': True, 'test_result_base': None}
[0.767s] INFO:colcon.colcon_core.executor:Executing jobs using 'parallel' executor
[0.768s] DEBUG:colcon.colcon_parallel_executor.executor.parallel:run_until_complete
[0.769s] INFO:colcon.colcon_ros.task.ament_python.build:Building ROS package in '/home/chaewan/다운로드/ieve_git/path_ws/waypoint_parser' with build type 'ament_python'
[0.769s] Level 1:colcon.colcon_core.shell:create_environment_hook('waypoint_parser', 'ament_prefix_path')
[0.773s] INFO:colcon.colcon_core.plugin_system:Skipping extension 'colcon_core.shell.bat': Not used on non-Windows systems
[0.774s] INFO:colcon.colcon_core.shell:Creating environment hook '/home/chaewan/다운로드/ieve_git/path_ws/install/waypoint_parser/share/waypoint_parser/hook/ament_prefix_path.ps1'
[0.775s] INFO:colcon.colcon_core.shell:Creating environment descriptor '/home/chaewan/다운로드/ieve_git/path_ws/install/waypoint_parser/share/waypoint_parser/hook/ament_prefix_path.dsv'
[0.776s] INFO:colcon.colcon_core.shell:Creating environment hook '/home/chaewan/다운로드/ieve_git/path_ws/install/waypoint_parser/share/waypoint_parser/hook/ament_prefix_path.sh'
[0.778s] INFO:colcon.colcon_core.shell:Skip shell extension 'powershell' for command environment: Not usable outside of PowerShell
[0.778s] DEBUG:colcon.colcon_core.shell:Skip shell extension 'dsv' for command environment
[1.282s] INFO:colcon.colcon_core.task.python.build:Building Python package in '/home/chaewan/다운로드/ieve_git/path_ws/waypoint_parser'
[1.283s] INFO:colcon.colcon_core.shell:Skip shell extension 'powershell' for command environment: Not usable outside of PowerShell
[1.283s] DEBUG:colcon.colcon_core.shell:Skip shell extension 'dsv' for command environment
[1.915s] DEBUG:colcon.colcon_core.event_handler.log_command:Invoking command in '/home/chaewan/다운로드/ieve_git/path_ws/build/waypoint_parser': PYTHONPATH=/home/chaewan/다운로드/ieve_git/path_ws/build/waypoint_parser/prefix_override:/usr/lib/python3/dist-packages/colcon_core/task/python/colcon_distutils_commands:/home/chaewan/다운로드/ieve_git/path_ws/install/waypoint_parser/lib/python3.10/site-packages:${PYTHONPATH} /usr/bin/python3 -W ignore:setup.py install is deprecated -W ignore:easy_install command is deprecated setup.py develop --editable --build-directory /home/chaewan/다운로드/ieve_git/path_ws/build/waypoint_parser/build --no-deps symlink_data
[2.781s] Level 1:colcon.colcon_core.shell:create_environment_hook('waypoint_parser', 'pythonpath_develop')
[2.782s] INFO:colcon.colcon_core.shell:Creating environment hook '/home/chaewan/다운로드/ieve_git/path_ws/build/waypoint_parser/share/waypoint_parser/hook/pythonpath_develop.ps1'
[2.782s] DEBUG:colcon.colcon_core.event_handler.log_command:Invoked command in '/home/chaewan/다운로드/ieve_git/path_ws/build/waypoint_parser' returned '0': PYTHONPATH=/home/chaewan/다운로드/ieve_git/path_ws/build/waypoint_parser/prefix_override:/usr/lib/python3/dist-packages/colcon_core/task/python/colcon_distutils_commands:/home/chaewan/다운로드/ieve_git/path_ws/install/waypoint_parser/lib/python3.10/site-packages:${PYTHONPATH} /usr/bin/python3 -W ignore:setup.py install is deprecated -W ignore:easy_install command is deprecated setup.py develop --editable --build-directory /home/chaewan/다운로드/ieve_git/path_ws/build/waypoint_parser/build --no-deps symlink_data
[2.783s] INFO:colcon.colcon_core.shell:Creating environment descriptor '/home/chaewan/다운로드/ieve_git/path_ws/build/waypoint_parser/share/waypoint_parser/hook/pythonpath_develop.dsv'
[2.784s] INFO:colcon.colcon_core.shell:Creating environment hook '/home/chaewan/다운로드/ieve_git/path_ws/build/waypoint_parser/share/waypoint_parser/hook/pythonpath_develop.sh'
[2.789s] Level 1:colcon.colcon_core.environment:checking '/home/chaewan/다운로드/ieve_git/path_ws/install/waypoint_parser' for CMake module files
[2.790s] Level 1:colcon.colcon_core.environment:checking '/home/chaewan/다운로드/ieve_git/path_ws/install/waypoint_parser' for CMake config files
[2.791s] Level 1:colcon.colcon_core.environment:checking '/home/chaewan/다운로드/ieve_git/path_ws/install/waypoint_parser/lib'
[2.792s] Level 1:colcon.colcon_core.environment:checking '/home/chaewan/다운로드/ieve_git/path_ws/install/waypoint_parser/bin'
[2.792s] Level 1:colcon.colcon_core.environment:checking '/home/chaewan/다운로드/ieve_git/path_ws/install/waypoint_parser/lib/pkgconfig/waypoint_parser.pc'
[2.793s] Level 1:colcon.colcon_core.environment:checking '/home/chaewan/다운로드/ieve_git/path_ws/install/waypoint_parser/lib/python3.10/site-packages'
[2.793s] Level 1:colcon.colcon_core.shell:create_environment_hook('waypoint_parser', 'pythonpath')
[2.793s] INFO:colcon.colcon_core.shell:Creating environment hook '/home/chaewan/다운로드/ieve_git/path_ws/install/waypoint_parser/share/waypoint_parser/hook/pythonpath.ps1'
[2.794s] INFO:colcon.colcon_core.shell:Creating environment descriptor '/home/chaewan/다운로드/ieve_git/path_ws/install/waypoint_parser/share/waypoint_parser/hook/pythonpath.dsv'
[2.795s] INFO:colcon.colcon_core.shell:Creating environment hook '/home/chaewan/다운로드/ieve_git/path_ws/install/waypoint_parser/share/waypoint_parser/hook/pythonpath.sh'
[2.796s] Level 1:colcon.colcon_core.environment:checking '/home/chaewan/다운로드/ieve_git/path_ws/install/waypoint_parser/bin'
[2.796s] Level 1:colcon.colcon_core.environment:create_environment_scripts_only(waypoint_parser)
[2.797s] INFO:colcon.colcon_core.shell:Creating package script '/home/chaewan/다운로드/ieve_git/path_ws/install/waypoint_parser/share/waypoint_parser/package.ps1'
[2.799s] INFO:colcon.colcon_core.shell:Creating package descriptor '/home/chaewan/다운로드/ieve_git/path_ws/install/waypoint_parser/share/waypoint_parser/package.dsv'
[2.800s] INFO:colcon.colcon_core.shell:Creating package script '/home/chaewan/다운로드/ieve_git/path_ws/install/waypoint_parser/share/waypoint_parser/package.sh'
[2.801s] INFO:colcon.colcon_core.shell:Creating package script '/home/chaewan/다운로드/ieve_git/path_ws/install/waypoint_parser/share/waypoint_parser/package.bash'
[2.803s] INFO:colcon.colcon_core.shell:Creating package script '/home/chaewan/다운로드/ieve_git/path_ws/install/waypoint_parser/share/waypoint_parser/package.zsh'
[2.805s] Level 1:colcon.colcon_core.environment:create_file_with_runtime_dependencies(/home/chaewan/다운로드/ieve_git/path_ws/install/waypoint_parser/share/colcon-core/packages/waypoint_parser)
[2.806s] DEBUG:colcon.colcon_parallel_executor.executor.parallel:closing loop
[2.807s] DEBUG:colcon.colcon_parallel_executor.executor.parallel:loop closed
[2.807s] DEBUG:colcon.colcon_parallel_executor.executor.parallel:run_until_complete finished with '0'
[2.807s] DEBUG:colcon.colcon_core.event_reactor:joining thread
[2.816s] INFO:colcon.colcon_core.plugin_system:Skipping extension 'colcon_notification.desktop_notification.terminal_notifier': Not used on non-Darwin systems
[2.817s] INFO:colcon.colcon_core.plugin_system:Skipping extension 'colcon_notification.desktop_notification.win32': Not used on non-Windows systems
[2.817s] INFO:colcon.colcon_notification.desktop_notification:Sending desktop notification using 'notify2'
[2.838s] DEBUG:colcon.colcon_core.event_reactor:joined thread
[2.839s] INFO:colcon.colcon_core.shell:Creating prefix script '/home/chaewan/다운로드/ieve_git/path_ws/install/local_setup.ps1'
[2.841s] INFO:colcon.colcon_core.shell:Creating prefix util module '/home/chaewan/다운로드/ieve_git/path_ws/install/_local_setup_util_ps1.py'
[2.845s] INFO:colcon.colcon_core.shell:Creating prefix chain script '/home/chaewan/다운로드/ieve_git/path_ws/install/setup.ps1'
[2.847s] INFO:colcon.colcon_core.shell:Creating prefix script '/home/chaewan/다운로드/ieve_git/path_ws/install/local_setup.sh'
[2.848s] INFO:colcon.colcon_core.shell:Creating prefix util module '/home/chaewan/다운로드/ieve_git/path_ws/install/_local_setup_util_sh.py'
[2.850s] INFO:colcon.colcon_core.shell:Creating prefix chain script '/home/chaewan/다운로드/ieve_git/path_ws/install/setup.sh'
[2.852s] INFO:colcon.colcon_core.shell:Creating prefix script '/home/chaewan/다운로드/ieve_git/path_ws/install/local_setup.bash'
[2.853s] INFO:colcon.colcon_core.shell:Creating prefix chain script '/home/chaewan/다운로드/ieve_git/path_ws/install/setup.bash'
[2.854s] INFO:colcon.colcon_core.shell:Creating prefix script '/home/chaewan/다운로드/ieve_git/path_ws/install/local_setup.zsh'
[2.855s] INFO:colcon.colcon_core.shell:Creating prefix chain script '/home/chaewan/다운로드/ieve_git/path_ws/install/setup.zsh'
