running egg_info
creating ../build/waypoint_parser/waypoint_parser.egg-info
writing ../build/waypoint_parser/waypoint_parser.egg-info/PKG-INFO
writing dependency_links to ../build/waypoint_parser/waypoint_parser.egg-info/dependency_links.txt
writing entry points to ../build/waypoint_parser/waypoint_parser.egg-info/entry_points.txt
writing requirements to ../build/waypoint_parser/waypoint_parser.egg-info/requires.txt
writing top-level names to ../build/waypoint_parser/waypoint_parser.egg-info/top_level.txt
writing manifest file '../build/waypoint_parser/waypoint_parser.egg-info/SOURCES.txt'
reading manifest file '../build/waypoint_parser/waypoint_parser.egg-info/SOURCES.txt'
writing manifest file '../build/waypoint_parser/waypoint_parser.egg-info/SOURCES.txt'
running build
running build_py
creating /home/chaewan/다운로드/ieve_git/path_ws/build/waypoint_parser/build
creating /home/chaewan/다운로드/ieve_git/path_ws/build/waypoint_parser/build/lib
creating /home/chaewan/다운로드/ieve_git/path_ws/build/waypoint_parser/build/lib/waypoint_parser
copying waypoint_parser/__init__.py -> /home/chaewan/다운로드/ieve_git/path_ws/build/waypoint_parser/build/lib/waypoint_parser
copying waypoint_parser/waypoint_parser.py -> /home/chaewan/다운로드/ieve_git/path_ws/build/waypoint_parser/build/lib/waypoint_parser
running install
running install_lib
creating /home/chaewan/다운로드/ieve_git/path_ws/install/waypoint_parser/lib/python3.10/site-packages/waypoint_parser
copying /home/chaewan/다운로드/ieve_git/path_ws/build/waypoint_parser/build/lib/waypoint_parser/__init__.py -> /home/chaewan/다운로드/ieve_git/path_ws/install/waypoint_parser/lib/python3.10/site-packages/waypoint_parser
copying /home/chaewan/다운로드/ieve_git/path_ws/build/waypoint_parser/build/lib/waypoint_parser/waypoint_parser.py -> /home/chaewan/다운로드/ieve_git/path_ws/install/waypoint_parser/lib/python3.10/site-packages/waypoint_parser
byte-compiling /home/chaewan/다운로드/ieve_git/path_ws/install/waypoint_parser/lib/python3.10/site-packages/waypoint_parser/__init__.py to __init__.cpython-310.pyc
byte-compiling /home/chaewan/다운로드/ieve_git/path_ws/install/waypoint_parser/lib/python3.10/site-packages/waypoint_parser/waypoint_parser.py to waypoint_parser.cpython-310.pyc
running install_data
creating /home/chaewan/다운로드/ieve_git/path_ws/install/waypoint_parser/share/ament_index
creating /home/chaewan/다운로드/ieve_git/path_ws/install/waypoint_parser/share/ament_index/resource_index
creating /home/chaewan/다운로드/ieve_git/path_ws/install/waypoint_parser/share/ament_index/resource_index/packages
copying resource/waypoint_parser -> /home/chaewan/다운로드/ieve_git/path_ws/install/waypoint_parser/share/ament_index/resource_index/packages
copying package.xml -> /home/chaewan/다운로드/ieve_git/path_ws/install/waypoint_parser/share/waypoint_parser
running install_egg_info
Copying ../build/waypoint_parser/waypoint_parser.egg-info to /home/chaewan/다운로드/ieve_git/path_ws/install/waypoint_parser/lib/python3.10/site-packages/waypoint_parser-0.0.0-py3.10.egg-info
running install_scripts
Installing waypoint_parser script to /home/chaewan/다운로드/ieve_git/path_ws/install/waypoint_parser/lib/waypoint_parser
writing list of installed files to '/home/chaewan/다운로드/ieve_git/path_ws/build/waypoint_parser/install.log'
