[1.130s] Invoking command in '/home/chaewan/다운로드/ieve_git/path_ws/waypoint_parser': PYTHONPATH=/home/chaewan/다운로드/ieve_git/path_ws/build/waypoint_parser/prefix_override:/usr/lib/python3/dist-packages/colcon_core/task/python/colcon_distutils_commands:/home/chaewan/다운로드/ieve_git/path_ws/install/waypoint_parser/lib/python3.10/site-packages:${PYTHONPATH} /usr/bin/python3 -W ignore:setup.py install is deprecated -W ignore:easy_install command is deprecated setup.py egg_info --egg-base ../build/waypoint_parser build --build-base /home/chaewan/다운로드/ieve_git/path_ws/build/waypoint_parser/build install --record /home/chaewan/다운로드/ieve_git/path_ws/build/waypoint_parser/install.log --single-version-externally-managed install_data
[1.582s] running egg_info
[1.583s] creating ../build/waypoint_parser/waypoint_parser.egg-info
[1.584s] writing ../build/waypoint_parser/waypoint_parser.egg-info/PKG-INFO
[1.584s] writing dependency_links to ../build/waypoint_parser/waypoint_parser.egg-info/dependency_links.txt
[1.585s] writing entry points to ../build/waypoint_parser/waypoint_parser.egg-info/entry_points.txt
[1.585s] writing requirements to ../build/waypoint_parser/waypoint_parser.egg-info/requires.txt
[1.585s] writing top-level names to ../build/waypoint_parser/waypoint_parser.egg-info/top_level.txt
[1.585s] writing manifest file '../build/waypoint_parser/waypoint_parser.egg-info/SOURCES.txt'
[1.588s] reading manifest file '../build/waypoint_parser/waypoint_parser.egg-info/SOURCES.txt'
[1.589s] writing manifest file '../build/waypoint_parser/waypoint_parser.egg-info/SOURCES.txt'
[1.589s] running build
[1.590s] running build_py
[1.590s] creating /home/chaewan/다운로드/ieve_git/path_ws/build/waypoint_parser/build
[1.590s] creating /home/chaewan/다운로드/ieve_git/path_ws/build/waypoint_parser/build/lib
[1.590s] creating /home/chaewan/다운로드/ieve_git/path_ws/build/waypoint_parser/build/lib/waypoint_parser
[1.590s] copying waypoint_parser/__init__.py -> /home/chaewan/다운로드/ieve_git/path_ws/build/waypoint_parser/build/lib/waypoint_parser
[1.590s] copying waypoint_parser/waypoint_parser.py -> /home/chaewan/다운로드/ieve_git/path_ws/build/waypoint_parser/build/lib/waypoint_parser
[1.590s] running install
[1.591s] running install_lib
[1.592s] creating /home/chaewan/다운로드/ieve_git/path_ws/install/waypoint_parser/lib/python3.10/site-packages/waypoint_parser
[1.592s] copying /home/chaewan/다운로드/ieve_git/path_ws/build/waypoint_parser/build/lib/waypoint_parser/__init__.py -> /home/chaewan/다운로드/ieve_git/path_ws/install/waypoint_parser/lib/python3.10/site-packages/waypoint_parser
[1.593s] copying /home/chaewan/다운로드/ieve_git/path_ws/build/waypoint_parser/build/lib/waypoint_parser/waypoint_parser.py -> /home/chaewan/다운로드/ieve_git/path_ws/install/waypoint_parser/lib/python3.10/site-packages/waypoint_parser
[1.593s] byte-compiling /home/chaewan/다운로드/ieve_git/path_ws/install/waypoint_parser/lib/python3.10/site-packages/waypoint_parser/__init__.py to __init__.cpython-310.pyc
[1.594s] byte-compiling /home/chaewan/다운로드/ieve_git/path_ws/install/waypoint_parser/lib/python3.10/site-packages/waypoint_parser/waypoint_parser.py to waypoint_parser.cpython-310.pyc
[1.597s] running install_data
[1.597s] creating /home/chaewan/다운로드/ieve_git/path_ws/install/waypoint_parser/share/ament_index
[1.597s] creating /home/chaewan/다운로드/ieve_git/path_ws/install/waypoint_parser/share/ament_index/resource_index
[1.597s] creating /home/chaewan/다운로드/ieve_git/path_ws/install/waypoint_parser/share/ament_index/resource_index/packages
[1.598s] copying resource/waypoint_parser -> /home/chaewan/다운로드/ieve_git/path_ws/install/waypoint_parser/share/ament_index/resource_index/packages
[1.598s] copying package.xml -> /home/chaewan/다운로드/ieve_git/path_ws/install/waypoint_parser/share/waypoint_parser
[1.598s] running install_egg_info
[1.601s] Copying ../build/waypoint_parser/waypoint_parser.egg-info to /home/chaewan/다운로드/ieve_git/path_ws/install/waypoint_parser/lib/python3.10/site-packages/waypoint_parser-0.0.0-py3.10.egg-info
[1.602s] running install_scripts
[1.642s] Installing waypoint_parser script to /home/chaewan/다운로드/ieve_git/path_ws/install/waypoint_parser/lib/waypoint_parser
[1.643s] writing list of installed files to '/home/chaewan/다운로드/ieve_git/path_ws/build/waypoint_parser/install.log'
[1.687s] Invoked command in '/home/chaewan/다운로드/ieve_git/path_ws/waypoint_parser' returned '0': PYTHONPATH=/home/chaewan/다운로드/ieve_git/path_ws/build/waypoint_parser/prefix_override:/usr/lib/python3/dist-packages/colcon_core/task/python/colcon_distutils_commands:/home/chaewan/다운로드/ieve_git/path_ws/install/waypoint_parser/lib/python3.10/site-packages:${PYTHONPATH} /usr/bin/python3 -W ignore:setup.py install is deprecated -W ignore:easy_install command is deprecated setup.py egg_info --egg-base ../build/waypoint_parser build --build-base /home/chaewan/다운로드/ieve_git/path_ws/build/waypoint_parser/build install --record /home/chaewan/다운로드/ieve_git/path_ws/build/waypoint_parser/install.log --single-version-externally-managed install_data
